{
    "flye_pacbio_raw": {
        "content": [
            [
                [
                    {
                        "id": "test"
                    },
                    "test.params.json:md5,54b576cb6d4d27656878a7fd3657bde9"
                ]
            ],
            [
                "versions.yml:md5,ccedfdf008b633bff8f062c5c2f2f827"
            ]
        ],
        "meta": {
            "nf-test": "0.8.4",
            "nextflow": "24.04.4"
        },
        "timestamp": "2024-08-09T13:45:06.155855"
    },
    "flye_pacbio_hifi": {
        "content": [
            [
                [
                    {
                        "id": "test"
                    },
                    "test.params.json:md5,54b576cb6d4d27656878a7fd3657bde9"
                ]
            ],
            [
                "versions.yml:md5,ccedfdf008b633bff8f062c5c2f2f827"
            ]
        ],
        "meta": {
            "nf-test": "0.8.4",
            "nextflow": "24.04.4"
        },
        "timestamp": "2024-08-09T13:19:37.119379"
    },
    "flye_nano_raw": {
        "content": [
            [
                [
                    {
                        "id": "test"
                    },
                    "test.params.json:md5,54b576cb6d4d27656878a7fd3657bde9"
                ]
            ],
            [
                "versions.yml:md5,ccedfdf008b633bff8f062c5c2f2f827"
            ]
        ],
        "meta": {
            "nf-test": "0.8.4",
            "nextflow": "24.04.4"
        },
        "timestamp": "2024-08-09T13:55:33.656694"
    },
    "flye_pacbio_corr": {
        "content": [
            [
                [
                    {
                        "id": "test"
                    },
                    "test.params.json:md5,54b576cb6d4d27656878a7fd3657bde9"
                ]
            ],
            [
                "versions.yml:md5,ccedfdf008b633bff8f062c5c2f2f827"
            ]
        ],
        "meta": {
            "nf-test": "0.8.4",
            "nextflow": "24.04.4"
        },
        "timestamp": "2024-08-09T13:18:24.584393"
    },
    "flye_nano_corr": {
        "content": [
            [
                [
                    {
                        "id": "test"
                    },
                    "test.params.json:md5,54b576cb6d4d27656878a7fd3657bde9"
                ]
            ],
            [
                "versions.yml:md5,ccedfdf008b633bff8f062c5c2f2f827"
            ]
        ],
        "meta": {
            "nf-test": "0.8.4",
            "nextflow": "24.04.4"
        },
        "timestamp": "2024-08-09T13:21:44.141693"
    },
    "flye_nano_hq": {
        "content": [
            [
                [
                    {
                        "id": "test"
                    },
                    "test.params.json:md5,54b576cb6d4d27656878a7fd3657bde9"
                ]
            ],
            [
                "versions.yml:md5,ccedfdf008b633bff8f062c5c2f2f827"
            ]
        ],
        "meta": {
            "nf-test": "0.8.4",
            "nextflow": "24.04.4"
        },
        "timestamp": "2024-08-09T13:23:39.069529"
    }
}